1791489781.626 /MARK ,f [1.0]
1791489781.649 /attack1 ,f [0.5]
1791489781.657 /attack1 ,f [0.25]
1791489781.659 /attack1 ,f [0.52]
1791489781.664 /attack1 ,f [0.78]
1791489781.672 /attack1 ,f [0.65]
1791489781.674 /attack1 ,f [0.0]
1791489795.388 /MARK ,f [2.0]
1791489795.404 /attackchaos1 ,f [0.25]
1791489795.409 /attackchaos1 ,f [0.52]
1791489795.414 /attackchaos1 ,f [0.78]
1791489811.990 /MARK ,f [3.0]
1791489812.006 /attacklfofreq1 ,f [0.38]
1791489812.008 /attacklfofreq1 ,f [0.52]
1791489812.015 /attacklfofreq1 ,f [0.65]
1791489812.113 /MARK ,f [4.0]
1791489812.124 /attacklfodepth1 ,f [0.78]
1791489812.128 /attacklfodepth1 ,f [0.61]
1791489812.133 /attacklfodepth1 ,f [0.45]
1791489822.275 /MARK ,f [5.0]
1791489822.290 /attackmoddepth1 ,f [-0.5]
1791489822.293 /attackmoddepth1 ,f [0.1]
1791489822.299 /attackmoddepth1 ,f [0.7]
1791489822.389 /MARK ,f [6.0]
1791489822.399 /attackmod1/2 ,f [1.0]
1791489822.405 /attackmod1/2 ,f [0.0]
1791489822.410 /attackmod1/4 ,f [1.0]
1791489822.414 /attackmod1/0 ,f [1.0]
1791489822.418 /attackmod1/1 ,f [1.0]
1791489822.423 /attackmod1/3 ,f [1.0]
1791489830.615 /MARK ,f [7.0]
1791489830.629 /attacklabel1 ,f [1.0]
