1791490857.016 /MARK ,f [1.0]
1791490857.035 /seqwrite1-0 ,f [1.0]
1791490857.039 /seqwrite1-0 ,f [0.0]
1791490857.043 /seqwrite1-0 ,f [1.0]
1791490857.919 /seqwrite1-3 ,f [1.0]
1791490857.931 /seqwrite1-5 ,f [1.0]
1791490857.946 /seqwrite1-2 ,f [1.0]
1791490862.950 /seqwrite1-18 ,f [1.0]
1791490863.915 /seqwrite1-34 ,f [1.0]
1791490864.012 /MARK ,f [2.0]
1791490864.025 /seqwriteoff1-9 ,f [0.44]
1791490865.916 /seqwriteoff1-9 ,f [0.78]
1791490865.932 /seqwriteoff1-9 ,f [1.0]
1791490865.940 /seqwriteoff1-10 ,f [0.56]
1791490865.944 /seqwriteoff1-11 ,f [0.56]
1791490865.945 /seqwriteoff1-11 ,f [0.56]
1791490865.950 /seqwriteoff1-16 ,f [0.44]
1791490866.002 /seqwriteoff1-11 ,f [0.0]
1791490867.914 /seqwriteoff1-18 ,f [1.0]
1791490867.918 /seqwriteoff1-20 ,f [1.0]
